[2026-05-24 00:01:44,550] 15 root INFO - Initiate Data Ingestion
[2026-05-24 00:01:44,550] 73 root INFO - Initiating data ingestion
[2026-05-24 00:01:54,744] 51 root INFO - Exporting feature store to artifact\2026-05-24-00-01-43\data_ingestion\feature_store\raw_data.csv
[2026-05-24 00:01:54,744] 60 root INFO - Train set and test set are splitted with test size 0.2
[2026-05-24 00:01:54,807] 65 root INFO - Exporting train set to artifact\2026-05-24-00-01-43\data_ingestion\ingested\train.csv
[2026-05-24 00:01:54,823] 67 root INFO - Exporting test set to artifact\2026-05-24-00-01-43\data_ingestion\ingested\test.csv
[2026-05-24 00:01:54,823] 18 root INFO - Data Ingestion Completed\u2705
[2026-05-24 00:01:54,823] 22 root INFO - Initiate the data validation
[2026-05-24 00:01:54,823] 68 root INFO - Starting Data Validation
[2026-05-24 00:01:54,920] 32 root INFO - Required number of columns: 31
[2026-05-24 00:01:54,920] 33 root INFO - DataFrame has 31 columns
[2026-05-24 00:01:54,920] 32 root INFO - Required number of columns: 31
[2026-05-24 00:01:54,920] 33 root INFO - DataFrame has 31 columns
[2026-05-24 00:01:55,097] 25 root INFO - Data Validation Completed
[2026-05-24 00:01:55,097] 53 root INFO - Entered initiate_data_transformation method of DataTransformation Class
[2026-05-24 00:01:55,097] 55 root INFO - Starting Data Transformation
[2026-05-24 00:01:55,138] 41 root INFO - Entered get_data_transformer_object of DataTransformation class
[2026-05-24 00:01:55,138] 45 root INFO - Initialized with {'missing_values': nan, 'n_neighbors': 3, 'weights': 'uniform'}
[2026-05-24 00:01:55,155] 41 root INFO - Entered the save_object method
[2026-05-24 00:01:55,162] 45 root INFO - Pickle file saved successfully
[2026-05-24 00:01:55,162] 30 root INFO - Data Transformation Completed
