[2026-05-24 23:57:26,733] 16 root INFO - Initiate Data Ingestion
[2026-05-24 23:57:26,733] 73 root INFO - Initiating data ingestion
[2026-05-24 23:57:38,589] 51 root INFO - Exporting feature store to artifact\2026-05-24-23-56-48\data_ingestion\feature_store\raw_data.csv
[2026-05-24 23:57:38,599] 60 root INFO - Train set and test set are splitted with test size 0.2
[2026-05-24 23:57:38,652] 65 root INFO - Exporting train set to artifact\2026-05-24-23-56-48\data_ingestion\ingested\train.csv
[2026-05-24 23:57:38,652] 67 root INFO - Exporting test set to artifact\2026-05-24-23-56-48\data_ingestion\ingested\test.csv
[2026-05-24 23:57:38,668] 19 root INFO - Data Ingestion Completed\u2705
[2026-05-24 23:57:38,685] 23 root INFO - Initiate the data validation
[2026-05-24 23:57:38,685] 68 root INFO - Starting Data Validation
[2026-05-24 23:57:38,766] 32 root INFO - Required number of columns: 31
[2026-05-24 23:57:38,772] 33 root INFO - DataFrame has 31 columns
[2026-05-24 23:57:38,772] 32 root INFO - Required number of columns: 31
[2026-05-24 23:57:38,772] 33 root INFO - DataFrame has 31 columns
[2026-05-24 23:57:38,952] 26 root INFO - Data Validation Completed
[2026-05-24 23:57:38,952] 53 root INFO - Entered initiate_data_transformation method of DataTransformation Class
[2026-05-24 23:57:38,952] 55 root INFO - Starting Data Transformation
[2026-05-24 23:57:39,160] 41 root INFO - Entered get_data_transformer_object of DataTransformation class
[2026-05-24 23:57:39,160] 45 root INFO - Initialized with {'missing_values': nan, 'n_neighbors': 3, 'weights': 'uniform'}
[2026-05-24 23:57:39,188] 43 root INFO - Entered the save_object method
[2026-05-24 23:57:39,195] 47 root INFO - Pickle file saved successfully
[2026-05-24 23:57:39,197] 31 root INFO - Data Transformation Completed
[2026-05-24 23:57:39,197] 135 root INFO - Model Trainer Initiated
[2026-05-24 23:57:39,232] 59 root INFO - Models used are ['Random Forest', 'Decision Tree', 'Gradient Boosting', 'Logistic Regression', 'AdaBoost']
[2026-05-24 23:57:39,232] 89 root INFO - Evaluating Models with hyper-parameters
[2026-05-25 00:02:02,358] 99 root INFO - Best Model: Random Forest, Best Model Score: 0.906262781101095
[2026-05-25 00:02:27,655] 43 root INFO - Entered the save_object method
[2026-05-25 00:02:27,657] 47 root INFO - Pickle file saved successfully
[2026-05-25 00:02:27,657] 129 root INFO - Model trainer artifact: ModelTrainerArtifact(trained_model_file_path='artifact\\2026-05-24-23-56-48\\model_trainer\\trained_model\\model.pkl', train_metric_artifact=ClassificationMetricArtifact(f1_score=0.9909690512430238, precision_score=0.9880615135572642, recall_score=0.9938937512721352), test_metric_artifact=ClassificationMetricArtifact(f1_score=0.979624450659209, precision_score=0.9737887212073074, recall_score=0.9855305466237942))
[2026-05-25 00:02:27,657] 38 root INFO - Model Training Completed
